
Running 26 tests using 1 worker

(node:3892792) Warning: The 'NO_COLOR' env is ignored due to the 'FORCE_COLOR' env being set.
(Use `node --trace-warnings ...` to show where the warning was created)
Re-optimizing dependencies because vite config has changed
Owned manuscript fixture started: 127.0.0.1:15225; proxy={}; latch=/tmp/jippeel-manuscript-http-0EZBUJ/violations.jsonl
Owned manuscript fixture closed; no escapes; latch=/tmp/jippeel-manuscript-http-0EZBUJ/violations.jsonl
  ✘   1 [chromium] › e2e/manuscript-preservation.spec.ts:549:5 › manuscript preservation frontend fixture › serializes delayed per-chapter saves and preserves newer typing (1.6m)
  -   2 [chromium] › e2e/manuscript-preservation.spec.ts:584:5 › manuscript preservation frontend fixture › project switch rejects stale selected chapters and never writes under the new project context
  -   3 [chromium] › e2e/manuscript-preservation.spec.ts:606:5 › manuscript preservation frontend fixture › unresolved mismatched recovery locks editing, survives reload, and local choice remains recoverable while saving
  -   4 [chromium] › e2e/manuscript-preservation.spec.ts:671:5 › manuscript preservation frontend fixture › server choice refreshes to latest paired server body and never PUTs stale displayed text
  -   5 [chromium] › e2e/manuscript-preservation.spec.ts:722:5 › manuscript preservation frontend fixture › failed server recovery choice keeps original draft locked until successful retry
  -   6 [chromium] › e2e/manuscript-preservation.spec.ts:789:5 › manuscript preservation frontend fixture › server recovery choice disables competing actions while latest server body is pending
  -   7 [chromium] › e2e/manuscript-preservation.spec.ts:857:5 › manuscript preservation frontend fixture › keeps ApiError detail for 409 and shows local/server conflict recovery
  -   8 [chromium] › e2e/manuscript-preservation.spec.ts:909:5 › manuscript preservation frontend fixture › recovers reload drafts, survives storage failure, and preserves text after network error
  -   9 [chromium] › e2e/manuscript-preservation.spec.ts:936:5 › manuscript preservation frontend fixture › preserves local text on network failure and reconciles lost save acknowledgements
  -  10 [chromium] › e2e/manuscript-preservation.spec.ts:966:5 › manuscript preservation frontend fixture › does not let a pending refine accept response overwrite a late local edit
  -  11 [chromium] › e2e/manuscript-preservation.spec.ts:1013:5 › manuscript preservation frontend fixture › does not let a pending scene merge response overwrite a late edit or transfer to another chapter
  -  12 [chromium] › e2e/manuscript-preservation.spec.ts:1060:5 › manuscript preservation frontend fixture › does not let a pending snapshot restore response overwrite a late local edit
  -  13 [chromium] › e2e/manuscript-preservation.spec.ts:1098:5 › manuscript preservation frontend fixture › does not acknowledge lost save responses when GET returns different text
  -  14 [chromium] › e2e/manuscript-preservation.spec.ts:1124:5 › manuscript preservation frontend fixture › pagehide uses revision contract and beforeunload leaves recoverable text
  -  15 [chromium] › e2e/manuscript-preservation.spec.ts:1164:5 › manuscript preservation frontend fixture › flushes before refine start, sends expected_revision, and blocks stale accept safely
  -  16 [chromium] › e2e/manuscript-preservation.spec.ts:1211:5 › manuscript preservation frontend fixture › scene trigger is accessible and merge flushes with expected_revision
  -  17 [chromium] › e2e/manuscript-preservation.spec.ts:1238:5 › manuscript preservation frontend fixture › shows snapshot text before explicit restore and restore uses current revision
(node:3909986) Warning: The 'NO_COLOR' env is ignored due to the 'FORCE_COLOR' env being set.
(Use `node --trace-warnings ...` to show where the warning was created)
Owned manuscript fixture started: 127.0.0.1:15225; proxy={}; latch=/tmp/jippeel-manuscript-http-UTsJYH/violations.jsonl
