
Running 26 tests using 1 worker

(node:3912399) Warning: The 'NO_COLOR' env is ignored due to the 'FORCE_COLOR' env being set.
(Use `node --trace-warnings ...` to show where the warning was created)
Owned manuscript fixture started: 127.0.0.1:15225; proxy={}; latch=/tmp/jippeel-manuscript-http-gqnE9h/violations.jsonl
  ✓   1 [chromium] › e2e/manuscript-preservation.spec.ts:549:5 › manuscript preservation frontend fixture › serializes delayed per-chapter saves and preserves newer typing (1.8m)
  ✓   2 [chromium] › e2e/manuscript-preservation.spec.ts:584:5 › manuscript preservation frontend fixture › project switch rejects stale selected chapters and never writes under the new project context (10.9s)
  ✓   3 [chromium] › e2e/manuscript-preservation.spec.ts:606:5 › manuscript preservation frontend fixture › unresolved mismatched recovery locks editing, survives reload, and local choice remains recoverable while saving (6.6s)
  ✓   4 [chromium] › e2e/manuscript-preservation.spec.ts:671:5 › manuscript preservation frontend fixture › server choice refreshes to latest paired server body and never PUTs stale displayed text (3.2s)
  ✓   5 [chromium] › e2e/manuscript-preservation.spec.ts:722:5 › manuscript preservation frontend fixture › failed server recovery choice keeps original draft locked until successful retry (2.7s)
  ✓   6 [chromium] › e2e/manuscript-preservation.spec.ts:789:5 › manuscript preservation frontend fixture › server recovery choice disables competing actions while latest server body is pending (2.5s)
  ✓   7 [chromium] › e2e/manuscript-preservation.spec.ts:857:5 › manuscript preservation frontend fixture › keeps ApiError detail for 409 and shows local/server conflict recovery (2.9s)
  ✓   8 [chromium] › e2e/manuscript-preservation.spec.ts:909:5 › manuscript preservation frontend fixture › recovers reload drafts, survives storage failure, and preserves text after network error (4.0s)
  ✓   9 [chromium] › e2e/manuscript-preservation.spec.ts:936:5 › manuscript preservation frontend fixture › preserves local text on network failure and reconciles lost save acknowledgements (2.1s)
  ✓  10 [chromium] › e2e/manuscript-preservation.spec.ts:966:5 › manuscript preservation frontend fixture › does not let a pending refine accept response overwrite a late local edit (2.7s)
  ✓  11 [chromium] › e2e/manuscript-preservation.spec.ts:1013:5 › manuscript preservation frontend fixture › does not let a pending scene merge response overwrite a late edit or transfer to another chapter (2.6s)
  ✓  12 [chromium] › e2e/manuscript-preservation.spec.ts:1060:5 › manuscript preservation frontend fixture › does not let a pending snapshot restore response overwrite a late local edit (1.8s)
  ✓  13 [chromium] › e2e/manuscript-preservation.spec.ts:1098:5 › manuscript preservation frontend fixture › does not acknowledge lost save responses when GET returns different text (1.6s)
  ✓  14 [chromium] › e2e/manuscript-preservation.spec.ts:1124:5 › manuscript preservation frontend fixture › pagehide uses revision contract and beforeunload leaves recoverable text (1.4s)
  ✓  15 [chromium] › e2e/manuscript-preservation.spec.ts:1164:5 › manuscript preservation frontend fixture › flushes before refine start, sends expected_revision, and blocks stale accept safely (2.1s)
  ✓  16 [chromium] › e2e/manuscript-preservation.spec.ts:1211:5 › manuscript preservation frontend fixture › scene trigger is accessible and merge flushes with expected_revision (1.7s)
  ✓  17 [chromium] › e2e/manuscript-preservation.spec.ts:1238:5 › manuscript preservation frontend fixture › shows snapshot text before explicit restore and restore uses current revision (2.0s)
  ✓  18 [chromium] › e2e/manuscript-preservation.spec.ts:1287:3 › M02 held save after editor unmount refreshes origin only while viewing 1 (3.9s)
  ✓  19 [chromium] › e2e/manuscript-preservation.spec.ts:1287:3 › M02 held save after editor unmount refreshes origin only while viewing 2 (5.6s)
  ✓  20 [chromium] › e2e/manuscript-preservation.spec.ts:1320:3 › M02 live save success only refreshes memory on revision success (3.0s)
  ✓  21 [chromium] › e2e/manuscript-preservation.spec.ts:1320:3 › M02 live save failure only refreshes memory on revision success (2.9s)
  ✓  22 [chromium] › e2e/manuscript-preservation.spec.ts:1338:3 › M02 restore success preserves text and refreshes only successful revision (2.7s)
  ✓  23 [chromium] › e2e/manuscript-preservation.spec.ts:1338:3 › M02 restore late-edit preserves text and refreshes only successful revision (2.4s)
  ✓  24 [chromium] › e2e/manuscript-preservation.spec.ts:1338:3 › M02 restore failure preserves text and refreshes only successful revision (1.9s)
  ✓  25 [chromium] › e2e/manuscript-preservation.spec.ts:1373:1 › fixture lifecycle routes pagehide keepalive through context on reload and page close (4.6s)
  ✓  26 [chromium] › e2e/manuscript-preservation.spec.ts:1392:1 › M02 cache notification exception cannot reclassify an acknowledged UI save (2.4s)
Owned manuscript fixture closed; no escapes; latch=/tmp/jippeel-manuscript-http-gqnE9h/violations.jsonl

  26 passed (3.4m)
