{"isolation": "ready-before-pytest", "root": "C:\\Users\\wj941\\AppData\\Local\\Temp\\jippeel-isolated-f_ffq_nm", "destinations": {"DATABASE_URL": "sqlite:///C:/Users/wj941/AppData/Local/Temp/jippeel-isolated-f_ffq_nm/lifespan.db", "JIPPEEL_KEY_FILE": "C:\\Users\\wj941\\AppData\\Local\\Temp\\jippeel-isolated-f_ffq_nm\\dummy.key", "COVERAGE_FILE": "C:\\Users\\wj941\\AppData\\Local\\Temp\\jippeel-isolated-f_ffq_nm\\test.coverage", "JIPPEEL_TEST_BASETEMP": "C:\\Users\\wj941\\AppData\\Local\\Temp\\jippeel-isolated-f_ffq_nm\\pytest"}, "fake_keyring": true, "crypto_loader_guard": true, "network_subprocess_tripwire": true, "protected_imports_absent": true}
============================= test session starts =============================
platform win32 -- Python 3.14.4, pytest-9.1.1, pluggy-1.6.0 -- C:\Users\wj941\Documents\jippeel\backend\.venv\Scripts\python.exe
cachedir: pytest-cache
rootdir: C:\Users\wj941\AppData\Local\Temp\jippeel-isolated-f_ffq_nm
configfile: pytest.ini
collecting ... collected 52 items

..\..\..\AppData\Local\Temp\jippeel-isolated-f_ffq_nm::test_analyze_text_metrics_present PASSED [  1%]
..\..\..\AppData\Local\Temp\jippeel-isolated-f_ffq_nm::test_bad_text_gets_low_score_and_suggestions PASSED [  3%]
..\..\..\AppData\Local\Temp\jippeel-isolated-f_ffq_nm::test_good_text_gets_high_score PASSED [  5%]
..\..\..\AppData\Local\Temp\jippeel-isolated-f_ffq_nm::test_empty_text_safe PASSED [  7%]
..\..\..\AppData\Local\Temp\jippeel-isolated-f_ffq_nm::test_score_capped PASSED [  9%]
..\..\..\AppData\Local\Temp\jippeel-isolated-f_ffq_nm::test_series_finale_does_not_penalize_missing_hook PASSED [ 11%]
..\..\..\AppData\Local\Temp\jippeel-isolated-f_ffq_nm::test_quality_history_dedup_includes_purpose_not_hash PASSED [ 13%]
..\..\..\AppData\Local\Temp\jippeel-isolated-f_ffq_nm::test_quality_history_legacy_rows_without_purpose_are_serial_compatible PASSED [ 15%]
..\..\..\AppData\Local\Temp\jippeel-isolated-f_ffq_nm::test_scene_result_rejects_empty_oversized_and_meta_leak PASSED [ 17%]
..\..\..\AppData\Local\Temp\jippeel-isolated-f_ffq_nm::test_validate_results_rejects_duplicate_missing_and_plan_mismatch PASSED [ 19%]
..\..\..\AppData\Local\Temp\jippeel-isolated-f_ffq_nm::test_review_source_labels_contracts_without_polluting_user_draft PASSED [ 21%]
..\..\..\AppData\Local\Temp\jippeel-isolated-f_ffq_nm::test_observed_short_text_and_endings[-65-0.0-0.0] PASSED [ 23%]
..\..\..\AppData\Local\Temp\jippeel-isolated-f_ffq_nm::test_observed_short_text_and_endings[ \t\n -65-0.0-0.0] PASSED [ 25%]
..\..\..\AppData\Local\Temp\jippeel-isolated-f_ffq_nm::test_observed_short_text_and_endings[!-85-0.0-0.0] PASSED [ 26%]
..\..\..\AppData\Local\Temp\jippeel-isolated-f_ffq_nm::test_observed_short_text_and_endings["!"!-100-0.25-0.0] PASSED [ 28%]
..\..\..\AppData\Local\Temp\jippeel-isolated-f_ffq_nm::test_observed_short_text_and_endings[\ud558\uac8c \ub41c\ub2e4-65-0.0-0.0] PASSED [ 30%]
..\..\..\AppData\Local\Temp\jippeel-isolated-f_ffq_nm::test_observed_short_text_and_endings[~\ud558\uac8c \ub41c\ub2e4-50-0.0-166.67] PASSED [ 32%]
..\..\..\AppData\Local\Temp\jippeel-isolated-f_ffq_nm::test_observed_short_text_and_endings[\uc77c \ubfd0\uc774\ub2e4-65-0.0-0.0] PASSED [ 34%]
..\..\..\AppData\Local\Temp\jippeel-isolated-f_ffq_nm::test_observed_short_text_and_endings[~\uc77c \ubfd0\uc774\ub2e4-50-0.0-166.67] PASSED [ 36%]
..\..\..\AppData\Local\Temp\jippeel-isolated-f_ffq_nm::test_observed_short_text_and_endings[\uac83\uc774\uc5c8\ub2e4-50-0.0-250.0] PASSED [ 38%]
..\..\..\AppData\Local\Temp\jippeel-isolated-f_ffq_nm::test_observed_short_text_and_endings[~\uac83\uc774\uc5c8\ub2e4-50-0.0-400.0] PASSED [ 40%]
..\..\..\AppData\Local\Temp\jippeel-isolated-f_ffq_nm::test_observed_short_text_and_endings[\uae30\ub3c4 \ud588\ub2e4-50-0.0-200.0] PASSED [ 42%]
..\..\..\AppData\Local\Temp\jippeel-isolated-f_ffq_nm::test_observed_short_text_and_endings[~\uae30\ub3c4 \ud588\ub2e4-50-0.0-333.33] PASSED [ 44%]
..\..\..\AppData\Local\Temp\jippeel-isolated-f_ffq_nm::test_observed_short_text_and_endings[\uace0\uc694\ud55c \ubc24-65-0.0-0.0] PASSED [ 46%]
..\..\..\AppData\Local\Temp\jippeel-isolated-f_ffq_nm::test_observed_quoted_span_cutoff[quotes0-199] PASSED [ 48%]
..\..\..\AppData\Local\Temp\jippeel-isolated-f_ffq_nm::test_observed_quoted_span_cutoff[quotes0-200] PASSED [ 50%]
..\..\..\AppData\Local\Temp\jippeel-isolated-f_ffq_nm::test_observed_quoted_span_cutoff[quotes0-201] PASSED [ 51%]
..\..\..\AppData\Local\Temp\jippeel-isolated-f_ffq_nm::test_observed_quoted_span_cutoff[quotes0-400] PASSED [ 53%]
..\..\..\AppData\Local\Temp\jippeel-isolated-f_ffq_nm::test_observed_quoted_span_cutoff[quotes1-199] PASSED [ 55%]
..\..\..\AppData\Local\Temp\jippeel-isolated-f_ffq_nm::test_observed_quoted_span_cutoff[quotes1-200] PASSED [ 57%]
..\..\..\AppData\Local\Temp\jippeel-isolated-f_ffq_nm::test_observed_quoted_span_cutoff[quotes1-201] PASSED [ 59%]
..\..\..\AppData\Local\Temp\jippeel-isolated-f_ffq_nm::test_observed_quoted_span_cutoff[quotes1-400] PASSED [ 61%]
..\..\..\AppData\Local\Temp\jippeel-isolated-f_ffq_nm::test_observed_quoted_span_cutoff[quotes2-199] PASSED [ 63%]
..\..\..\AppData\Local\Temp\jippeel-isolated-f_ffq_nm::test_observed_quoted_span_cutoff[quotes2-200] PASSED [ 65%]
..\..\..\AppData\Local\Temp\jippeel-isolated-f_ffq_nm::test_observed_quoted_span_cutoff[quotes2-201] PASSED [ 67%]
..\..\..\AppData\Local\Temp\jippeel-isolated-f_ffq_nm::test_observed_quoted_span_cutoff[quotes2-400] PASSED [ 69%]
..\..\..\AppData\Local\Temp\jippeel-isolated-f_ffq_nm::test_observed_quoted_span_cutoff[quotes3-199] PASSED [ 71%]
..\..\..\AppData\Local\Temp\jippeel-isolated-f_ffq_nm::test_observed_quoted_span_cutoff[quotes3-200] PASSED [ 73%]
..\..\..\AppData\Local\Temp\jippeel-isolated-f_ffq_nm::test_observed_quoted_span_cutoff[quotes3-201] PASSED [ 75%]
..\..\..\AppData\Local\Temp\jippeel-isolated-f_ffq_nm::test_observed_quoted_span_cutoff[quotes3-400] PASSED [ 76%]
..\..\..\AppData\Local\Temp\jippeel-isolated-f_ffq_nm::test_observed_quote_selection[\uac00\uac00\uac00\uac00\uac00\uac00\uac00\uac00\uac00\uac00\uac00\uac00\uac00\uac00\uac00\uac00\uac00\uac00\uac00\uac00\uac00\uac00\uac00\uac00\uac00\uac00\uac00\uac00\uac00\uac00\uac00\uac00\uac00\uac00\uac00\uac00\uac00\uac00\uac00\uac00\uac00\uac00\uac00\uac00\uac00\uac00\uac00\uac00\uac00\uac00\uac00\uac00\uac00\uac00\uac00\uac00\uac00\uac00\uac00\uac00\uac00\uac00\uac00\uac00\uac00\uac00\uac00\uac00\uac00\uac00\uac00\uac00\uac00\uac00\uac00\uac00\uac00\uac00\uac00\uac00\uac00\uac00\uac00\uac00\uac00\uac00\uac00\uac00\uac00\uac00\uac00\uac00\uac00\uac00\uac00\uac00\uac00\uac00\uac00\uac00\uac00\uac00\uac00\uac00\uac00\uac00\uac00\uac00\uac00\uac00\uac00\uac00\uac00\uac00\uac00\uac00\uac00\uac00\uac00\uac00\uac00\uac00\uac00\uac00\uac00\uac00\uac00\uac00\uac00\uac00\uac00\uac00\uac00\uac00\uac00\uac00\uac00\uac00\uac00\uac00\uac00\uac00\uac00\uac00\uac00\uac00\uac00\uac00\uac00\uac00\uac00\uac00\uac00\uac00\uac00\uac00\uac00\uac00\uac00\uac00\uac00\uac00\uac00\uac00\uac00\uac00\uac00\uac00\uac00\uac00\uac00\uac00\uac00\uac00\uac00\uac00\uac00\uac00\uac00\uac00\uac00\uac00\uac00\uac00\uac00\uac00\uac00\uac00\uac00\uac00\uac00\uac00\uac00\uac00\uac00\uac00\uac00\uac00\uac00\uac00\uac00-0.0] PASSED [ 78%]
..\..\..\AppData\Local\Temp\jippeel-isolated-f_ffq_nm::test_observed_quote_selection["\uac00-0.0] PASSED [ 80%]
..\..\..\AppData\Local\Temp\jippeel-isolated-f_ffq_nm::test_observed_quote_selection[\u201c\uac00"-0.3333] PASSED [ 82%]
..\..\..\AppData\Local\Temp\jippeel-isolated-f_ffq_nm::test_observed_quote_selection["\uc6a9\uc5b4"\ub294 \ud45c\uc81c\ub2e4.-0.2] PASSED [ 84%]
..\..\..\AppData\Local\Temp\jippeel-isolated-f_ffq_nm::test_observed_quote_selection['\uac00'-0.0] PASSED [ 86%]
..\..\..\AppData\Local\Temp\jippeel-isolated-f_ffq_nm::test_observed_quote_selection["\uac00"\n"\ub098"-0.2857] PASSED [ 88%]
..\..\..\AppData\Local\Temp\jippeel-isolated-f_ffq_nm::test_observed_purpose_invariants[] PASSED [ 90%]
..\..\..\AppData\Local\Temp\jippeel-isolated-f_ffq_nm::test_observed_purpose_invariants[\uace0\uc694\ud55c \ubc24] PASSED [ 92%]
..\..\..\AppData\Local\Temp\jippeel-isolated-f_ffq_nm::test_observed_purpose_invariants["!"!] PASSED [ 94%]
..\..\..\AppData\Local\Temp\jippeel-isolated-f_ffq_nm::test_observed_loader_essay_and_fallback PASSED [ 96%]
..\..\..\AppData\Local\Temp\jippeel-isolated-f_ffq_nm::test_observed_api_empty_history_and_record_false PASSED [ 98%]
..\..\..\AppData\Local\Temp\jippeel-isolated-f_ffq_nm::test_observed_normalization_and_denominators PASSED [100%]

============================= 52 passed in 0.73s ==============================
{"isolation": "complete", "pytest_exit": 0, "internal_ipc_count": 3, "subprocess_attempts": 0, "fake_keyring_calls": 0, "violations": []}
