
Running 31 tests using 1 worker

  ✓   1 [chromium] › e2e/memory-governance.spec.ts:7:1 › 작품별 장편 기억을 추가·승인하고 stale 경고를 표시한다 (12.9s)
  ✓   2 [chromium] › e2e/memory-governance.spec.ts:169:3 › draft 승인 sends the selected visibility (1.2s)
  ✓   3 [chromium] › e2e/memory-governance.spec.ts:169:3 › draft 폐기 sends the selected visibility (1.2s)
  ✓   4 [chromium] › e2e/memory-governance.spec.ts:169:3 › approved 폐기 sends the selected visibility (1.2s)
  ✓   5 [chromium] › e2e/memory-governance.spec.ts:189:3 › pending creation protects all inputs and clears on success (1.7s)
  ✓   6 [chromium] › e2e/memory-governance.spec.ts:189:3 › pending creation protects all inputs and preserves on failure (1.7s)
  ✓   7 [chromium] › e2e/memory-governance.spec.ts:255:7 › M01 POST success after SPA A-B isolates the screen (1.7s)
  ✓   8 [chromium] › e2e/memory-governance.spec.ts:255:7 › M01 POST success after SPA A-B-A isolates the screen (1.5s)
  ✓   9 [chromium] › e2e/memory-governance.spec.ts:255:7 › M01 POST error after SPA A-B isolates the screen (1.5s)
  ✓  10 [chromium] › e2e/memory-governance.spec.ts:255:7 › M01 POST error after SPA A-B-A isolates the screen (1.4s)
  ✓  11 [chromium] › e2e/memory-governance.spec.ts:255:7 › M01 PATCH success after SPA A-B isolates the screen (1.7s)
  ✓  12 [chromium] › e2e/memory-governance.spec.ts:255:7 › M01 PATCH success after SPA A-B-A isolates the screen (1.6s)
  ✓  13 [chromium] › e2e/memory-governance.spec.ts:255:7 › M01 PATCH error after SPA A-B isolates the screen (1.7s)
  ✓  14 [chromium] › e2e/memory-governance.spec.ts:255:7 › M01 PATCH error after SPA A-B-A isolates the screen (1.7s)
  ✓  15 [chromium] › e2e/memory-governance.spec.ts:332:5 › M03 작품 정보 initial failure retries without losing input (2.5s)
  ✓  16 [chromium] › e2e/memory-governance.spec.ts:332:5 › M03 작품 정보 refetch failure retries without losing input (2.8s)
  ✓  17 [chromium] › e2e/memory-governance.spec.ts:332:5 › M03 근거 회차 목록 initial failure retries without losing input (2.5s)
  ✓  18 [chromium] › e2e/memory-governance.spec.ts:332:5 › M03 근거 회차 목록 refetch failure retries without losing input (2.3s)
  ✓  19 [chromium] › e2e/memory-governance.spec.ts:332:5 › M03 기억 목록 initial failure retries without losing input (2.2s)
  ✓  20 [chromium] › e2e/memory-governance.spec.ts:332:5 › M03 기억 목록 refetch failure retries without losing input (2.3s)
  ✓  21 [chromium] › e2e/memory-governance.spec.ts:374:1 › M03 pending memory is distinct from successful empty lists (961ms)
  ✓  22 [chromium] › e2e/memory-governance.spec.ts:397:7 › M04 keyboard 승인 cancel all restores stable focus (1.8s)
  ✓  23 [chromium] › e2e/memory-governance.spec.ts:397:7 › M04 keyboard 승인 cancel filtered restores stable focus (1.9s)
  ✓  24 [chromium] › e2e/memory-governance.spec.ts:397:7 › M04 keyboard 승인 complete all restores stable focus (1.7s)
  ✓  25 [chromium] › e2e/memory-governance.spec.ts:397:7 › M04 keyboard 승인 complete filtered restores stable focus (1.7s)
  ✓  26 [chromium] › e2e/memory-governance.spec.ts:397:7 › M04 keyboard 폐기 cancel all restores stable focus (2.0s)
  ✓  27 [chromium] › e2e/memory-governance.spec.ts:397:7 › M04 keyboard 폐기 cancel filtered restores stable focus (1.9s)
  ✓  28 [chromium] › e2e/memory-governance.spec.ts:397:7 › M04 keyboard 폐기 complete all restores stable focus (1.9s)
  ✓  29 [chromium] › e2e/memory-governance.spec.ts:397:7 › M04 keyboard 폐기 complete filtered restores stable focus (1.9s)
  ✓  30 [chromium] › e2e/memory-governance.spec.ts:419:1 › M04 completion waits for held list refetch before resolving removed trigger focus (1.2s)
  ✓  31 [chromium] › e2e/memory-governance.spec.ts:440:1 › M01 current-screen PATCH failure retains confirmation and input and permits retry (1.4s)
Fixture API tripwire: /tmp/jippeel-fixture-tripwire-yU7XtR/violations.jsonl; no escapes

  31 passed (1.3m)
